[line 3] Error at "push": Cannot call mutating method on immutable array.
[line 6] Error at "push": Cannot call mutating method on immutable array.
