Breakfast
Breakfast instance
You have choosen to have 3 eggs
Eggs a-fryin'!
Enjoy your breakfast, Mr. Bond.
The German chocolate cake is delicious!
