I'm a dog, bark bark!
Dog instance
I'm a cat in disguise, bark bark!
Bah!
