[line 5] Error at "return": Unreachable code after return statement.
[line 14] Error at "return": Unreachable code after return statement.
