This can be used to hurt people with.
--------
This can be used to hurt people with.
Poke them with the pointy end.
