0
still 0
1
still 1
2
still 2
3
still 3
4
still 4
5
all done!
