[line 4] Error at "s2": Only struct parameters can be marked as `mut`.
