var a = 3;
{
  var a = 4;
  fun g() {
    return fun (x) {
      return (a + x) * 2;
    };
  }
  print g()(2);
}
