[line 5] Error at "a": Shadows existing variable.
[line 6] Error at "b": Shadows existing variable.
[line 8] Error at "a": Shadows existing variable.
