[line 4] Error at "x": Shadows existing variable.
