true
false
100
-7.5
hello
<native fn>
<fn>
<fn>
C instance
