1
2
[line 9] Runtime Error: Accessing uninitialized variable "c".
