[line 6] Error at "c": Local variable is not used.
[line 12] Error at "local1": Local variable is not used.
[line 16] Error at "arg2": Local variable is not used.
