[line 8] Error at "a": Shadows existing variable.
